// Jest Snapshot v1, https://goo.gl/fbAQLP

exports[`MaterialUIForm should render 1`] = `
<div>
  <div
    style="max-width: 300px; padding: 20px;"
  >
    <form
      action="#"
    >
      <div
        class="MuiFormControl-root MuiFormControl-fullWidth MuiTextField-root css-wb57ya-MuiFormControl-root-MuiTextField-root"
      >
        <label
          class="MuiFormLabel-root MuiInputLabel-root MuiInputLabel-formControl MuiInputLabel-animated MuiInputLabel-standard MuiFormLabel-colorPrimary MuiInputLabel-root MuiInputLabel-formControl MuiInputLabel-animated MuiInputLabel-standard css-aqpgxn-MuiFormLabel-root-MuiInputLabel-root"
          data-shrink="false"
          for="email"
          id="email-label"
        >
          Email
        </label>
        <div
          class="MuiInputBase-root MuiInput-root MuiInput-underline MuiInputBase-colorPrimary MuiInputBase-fullWidth MuiInputBase-formControl css-1a1fmpi-MuiInputBase-root-MuiInput-root"
        >
          <input
            aria-invalid="false"
            class="MuiInputBase-input MuiInput-input css-1x51dt5-MuiInputBase-input-MuiInput-input"
            id="email"
            name="email"
            type="email"
            value=""
          />
        </div>
      </div>
      <div
        class="MuiFormControl-root MuiFormControl-fullWidth MuiTextField-root css-wb57ya-MuiFormControl-root-MuiTextField-root"
      >
        <label
          class="MuiFormLabel-root MuiInputLabel-root MuiInputLabel-formControl MuiInputLabel-animated MuiInputLabel-standard MuiFormLabel-colorPrimary MuiInputLabel-root MuiInputLabel-formControl MuiInputLabel-animated MuiInputLabel-standard css-aqpgxn-MuiFormLabel-root-MuiInputLabel-root"
          data-shrink="false"
          for="password"
          id="password-label"
        >
          Password
        </label>
        <div
          class="MuiInputBase-root MuiInput-root MuiInput-underline MuiInputBase-colorPrimary MuiInputBase-fullWidth MuiInputBase-formControl css-1a1fmpi-MuiInputBase-root-MuiInput-root"
        >
          <input
            aria-invalid="false"
            class="MuiInputBase-input MuiInput-input css-1x51dt5-MuiInputBase-input-MuiInput-input"
            id="password"
            name="password"
            type="password"
            value=""
          />
        </div>
      </div>
      <button
        class="MuiButtonBase-root MuiButton-root MuiButton-contained MuiButton-containedPrimary MuiButton-sizeMedium MuiButton-containedSizeMedium MuiButton-root MuiButton-contained MuiButton-containedPrimary MuiButton-sizeMedium MuiButton-containedSizeMedium css-sghohy-MuiButtonBase-root-MuiButton-root"
        tabindex="0"
        type="submit"
      >
        Send
        <span
          class="MuiTouchRipple-root css-8je8zh-MuiTouchRipple-root"
        />
      </button>
    </form>
  </div>
</div>
`;
